2018-11-09 08:54:34 : This is a test log
2018-11-09 08:58:26 : This is a test log
